

***********************************************************************
Fatal NI connect error 12505, connecting to:
 (DESCRIPTION=(CONNECT_DATA=(SID=*)(SERVICE_NAME=storm.)(CID=(PROGRAM=)(HOST=orb)(USER=brunson)))(ADDRESS=(PROTOCOL=TCP)(HOST=storm)(PORT=1521)))

  VERSION INFORMATION:
	TNS for Solaris: Version 8.0.5.0.0 - Production
	TCP/IP NT Protocol Adapter for Solaris: Version 8.0.5.0.0 - Production
  Time: 01-AUG-00 10:13:57
  Tracing not turned on.
  Tns error struct:
    nr err code: 12204
    TNS-12204: TNS:received data refused from an application
    ns main err code: 12564
    TNS-12564: TNS:connection refused
    ns secondary err code: 0
    nt main err code: 0
    nt secondary err code: 0
    nt OS err code: 0


***********************************************************************
Fatal NI connect error 12203, connecting to:
 (DESCRIPTION=(CONNECT_DATA=(SID=*)(SERVICE_NAME=confgen.)(CID=(PROGRAM=)(HOST=orb)(USER=brunson)))(ADDRESS=(PROTOCOL=TCP)(HOST=confgen)(PORT=1521)))

  VERSION INFORMATION:
	TNS for Solaris: Version 8.0.5.0.0 - Production
	TCP/IP NT Protocol Adapter for Solaris: Version 8.0.5.0.0 - Production
  Time: 01-AUG-00 10:18:15
  Tracing not turned on.
  Tns error struct:
    nr err code: 12203
    TNS-12203: TNS:unable to connect to destination
    ns main err code: 12560
    TNS-12560: TNS:protocol adapter error
    ns secondary err code: 0
    nt main err code: 530
    TNS-00530: Protocol adapter error
    nt secondary err code: 149
    nt OS err code: 0
